{
  "SPDXID": "SPDXRef-DOCUMENT",
  "name": "apk-crane-0.19.1-r6",
  "spdxVersion": "SPDX-2.3",
  "creationInfo": {
    "created": "2024-01-01T00:00:00Z",
    "creators": [
      "Tool: melange (devel)",
      "Organization: Chainguard, Inc"
    ],
    "licenseListVersion": "3.22"
  },
  "dataLicense": "CC0-1.0",
  "documentNamespace": "https://spdx.org/spdxdocs/chainguard/melange/d4d4ed7f03eabeabcc58f07bc70b3252",
  "documentDescribes": [
    "SPDXRef-Package-crane-0.19.1-r6"
  ],
  "packages": [
    {
      "SPDXID": "SPDXRef-OperatingSystem",
      "name": "wolfi",
      "versionInfo": "20230201",
      "filesAnalyzed": false,
      "licenseConcluded": "NOASSERTION",
      "licenseDeclared": "NOASSERTION",
      "description": "Operating System",
      "downloadLocation": "NOASSERTION",
      "primaryPackagePurpose": "OPERATING-SYSTEM"
    },
    {
      "SPDXID": "SPDXRef-Package-crane-0.19.1-r6",
      "name": "crane",
      "versionInfo": "0.19.1-r6",
      "filesAnalyzed": false,
      "licenseConcluded": "NOASSERTION",
      "licenseDeclared": "NOASSERTION",
      "downloadLocation": "NOASSERTION",
      "originator": "Organization: Wolfi",
      "supplier": "Organization: Wolfi"
    },
    {
      "SPDXID": "SPDXRef-Package-go-module-github.com-containerd-stargz-snapshotter-estargz-v0.14.3",
      "name": "go-module:github.com/containerd/stargz-snapshotter/estargz",
      "versionInfo": "v0.14.3",
      "filesAnalyzed": false,
      "licenseConcluded": "NOASSERTION",
      "licenseDeclared": "NOASSERTION",
      "downloadLocation": "NOASSERTION",
      "originator": "Organization: ",
      "supplier": "Organization: ",
      "externalRefs": [
        {
          "referenceCategory": "PACKAGE-MANAGER",
          "referenceLocator": "pkg:golang/github.com/containerd/stargz-snapshotter@v0.14.3#estargz",
          "referenceType": "purl"
        }
      ]
    },
    {
      "SPDXID": "SPDXRef-Package-go-module-github.com-docker-cli-v24.0.0C43incompatible",
      "name": "go-module:github.com/docker/cli",
      "versionInfo": "v24.0.0+incompatible",
      "filesAnalyzed": false,
      "licenseConcluded": "NOASSERTION",
      "licenseDeclared": "NOASSERTION",
      "downloadLocation": "NOASSERTION",
      "originator": "Organization: ",
      "supplier": "Organization: ",
      "externalRefs": [
        {
          "referenceCategory": "PACKAGE-MANAGER",
          "referenceLocator": "pkg:golang/github.com/docker/cli@v24.0.0%2Bincompatible",
          "referenceType": "purl"
        }
      ]
    },
    {
      "SPDXID": "SPDXRef-Package-go-module-github.com-docker-distribution-v2.8.2C43incompatible",
      "name": "go-module:github.com/docker/distribution",
      "versionInfo": "v2.8.2+incompatible",
      "filesAnalyzed": false,
      "licenseConcluded": "NOASSERTION",
      "licenseDeclared": "NOASSERTION",
      "downloadLocation": "NOASSERTION",
      "originator": "Organization: ",
      "supplier": "Organization: ",
      "externalRefs": [
        {
          "referenceCategory": "PACKAGE-MANAGER",
          "referenceLocator": "pkg:golang/github.com/docker/distribution@v2.8.2%2Bincompatible",
          "referenceType": "purl"
        }
      ]
    },
    {
      "SPDXID": "SPDXRef-Package-go-module-github.com-docker-docker-v24.0.9C43incompatible",
      "name": "go-module:github.com/docker/docker",
      "versionInfo": "v24.0.9+incompatible",
      "filesAnalyzed": false,
      "licenseConcluded": "NOASSERTION",
      "licenseDeclared": "NOASSERTION",
      "downloadLocation": "NOASSERTION",
      "originator": "Organization: ",
      "supplier": "Organization: ",
      "externalRefs": [
        {
          "referenceCategory": "PACKAGE-MANAGER",
          "referenceLocator": "pkg:golang/github.com/docker/docker@v24.0.9%2Bincompatible",
          "referenceType": "purl"
        }
      ]
    },
    {
      "SPDXID": "SPDXRef-Package-go-module-github.com-docker-docker-credential-helpers-v0.7.0",
      "name": "go-module:github.com/docker/docker-credential-helpers",
      "versionInfo": "v0.7.0",
      "filesAnalyzed": false,
      "licenseConcluded": "NOASSERTION",
      "licenseDeclared": "NOASSERTION",
      "downloadLocation": "NOASSERTION",
      "originator": "Organization: ",
      "supplier": "Organization: ",
      "externalRefs": [
        {
          "referenceCategory": "PACKAGE-MANAGER",
          "referenceLocator": "pkg:golang/github.com/docker/docker-credential-helpers@v0.7.0",
          "referenceType": "purl"
        }
      ]
    },
    {
      "SPDXID": "SPDXRef-Package-go-module-github.com-google-go-cmp-v0.5.9",
      "name": "go-module:github.com/google/go-cmp",
      "versionInfo": "v0.5.9",
      "filesAnalyzed": false,
      "licenseConcluded": "NOASSERTION",
      "licenseDeclared": "NOASSERTION",
      "downloadLocation": "NOASSERTION",
      "originator": "Organization: ",
      "supplier": "Organization: ",
      "externalRefs": [
        {
          "referenceCategory": "PACKAGE-MANAGER",
          "referenceLocator": "pkg:golang/github.com/google/go-cmp@v0.5.9",
          "referenceType": "purl"
        }
      ]
    },
    {
      "SPDXID": "SPDXRef-Package-go-module-github.com-google-go-containerregistry-v0.19.1",
      "name": "go-module:github.com/google/go-containerregistry",
      "versionInfo": "v0.19.1",
      "filesAnalyzed": false,
      "licenseConcluded": "NOASSERTION",
      "licenseDeclared": "NOASSERTION",
      "downloadLocation": "NOASSERTION",
      "originator": "Organization: ",
      "supplier": "Organization: ",
      "externalRefs": [
        {
          "referenceCategory": "PACKAGE-MANAGER",
          "referenceLocator": "pkg:golang/github.com/google/go-containerregistry@v0.19.1",
          "referenceType": "purl"
        }
      ]
    },
    {
      "SPDXID": "SPDXRef-Package-go-module-github.com-klauspost-compress-v1.16.5",
      "name": "go-module:github.com/klauspost/compress",
      "versionInfo": "v1.16.5",
      "filesAnalyzed": false,
      "licenseConcluded": "NOASSERTION",
      "licenseDeclared": "NOASSERTION",
      "downloadLocation": "NOASSERTION",
      "originator": "Organization: ",
      "supplier": "Organization: ",
      "externalRefs": [
        {
          "referenceCategory": "PACKAGE-MANAGER",
          "referenceLocator": "pkg:golang/github.com/klauspost/compress@v1.16.5",
          "referenceType": "purl"
        }
      ]
    },
    {
      "SPDXID": "SPDXRef-Package-go-module-github.com-mitchellh-go-homedir-v1.1.0",
      "name": "go-module:github.com/mitchellh/go-homedir",
      "versionInfo": "v1.1.0",
      "filesAnalyzed": false,
      "licenseConcluded": "NOASSERTION",
      "licenseDeclared": "NOASSERTION",
      "downloadLocation": "NOASSERTION",
      "originator": "Organization: ",
      "supplier": "Organization: ",
      "externalRefs": [
        {
          "referenceCategory": "PACKAGE-MANAGER",
          "referenceLocator": "pkg:golang/github.com/mitchellh/go-homedir@v1.1.0",
          "referenceType": "purl"
        }
      ]
    },
    {
      "SPDXID": "SPDXRef-Package-go-module-github.com-opencontainers-go-digest-v1.0.0",
      "name": "go-module:github.com/opencontainers/go-digest",
      "versionInfo": "v1.0.0",
      "filesAnalyzed": false,
      "licenseConcluded": "NOASSERTION",
      "licenseDeclared": "NOASSERTION",
      "downloadLocation": "NOASSERTION",
      "originator": "Organization: ",
      "supplier": "Organization: ",
      "externalRefs": [
        {
          "referenceCategory": "PACKAGE-MANAGER",
          "referenceLocator": "pkg:golang/github.com/opencontainers/go-digest@v1.0.0",
          "referenceType": "purl"
        }
      ]
    },
    {
      "SPDXID": "SPDXRef-Package-go-module-github.com-opencontainers-image-spec-v1.1.0-rc3",
      "name": "go-module:github.com/opencontainers/image-spec",
      "versionInfo": "v1.1.0-rc3",
      "filesAnalyzed": false,
      "licenseConcluded": "NOASSERTION",
      "licenseDeclared": "NOASSERTION",
      "downloadLocation": "NOASSERTION",
      "originator": "Organization: ",
      "supplier": "Organization: ",
      "externalRefs": [
        {
          "referenceCategory": "PACKAGE-MANAGER",
          "referenceLocator": "pkg:golang/github.com/opencontainers/image-spec@v1.1.0-rc3",
          "referenceType": "purl"
        }
      ]
    },
    {
      "SPDXID": "SPDXRef-Package-go-module-github.com-pkg-errors-v0.9.1",
      "name": "go-module:github.com/pkg/errors",
      "versionInfo": "v0.9.1",
      "filesAnalyzed": false,
      "licenseConcluded": "NOASSERTION",
      "licenseDeclared": "NOASSERTION",
      "downloadLocation": "NOASSERTION",
      "originator": "Organization: ",
      "supplier": "Organization: ",
      "externalRefs": [
        {
          "referenceCategory": "PACKAGE-MANAGER",
          "referenceLocator": "pkg:golang/github.com/pkg/errors@v0.9.1",
          "referenceType": "purl"
        }
      ]
    },
    {
      "SPDXID": "SPDXRef-Package-go-module-github.com-sirupsen-logrus-v1.9.1",
      "name": "go-module:github.com/sirupsen/logrus",
      "versionInfo": "v1.9.1",
      "filesAnalyzed": false,
      "licenseConcluded": "NOASSERTION",
      "licenseDeclared": "NOASSERTION",
      "downloadLocation": "NOASSERTION",
      "originator": "Organization: ",
      "supplier": "Organization: ",
      "externalRefs": [
        {
          "referenceCategory": "PACKAGE-MANAGER",
          "referenceLocator": "pkg:golang/github.com/sirupsen/logrus@v1.9.1",
          "referenceType": "purl"
        }
      ]
    },
    {
      "SPDXID": "SPDXRef-Package-go-module-github.com-spf13-cobra-v1.7.0",
      "name": "go-module:github.com/spf13/cobra",
      "versionInfo": "v1.7.0",
      "filesAnalyzed": false,
      "licenseConcluded": "NOASSERTION",
      "licenseDeclared": "NOASSERTION",
      "downloadLocation": "NOASSERTION",
      "originator": "Organization: ",
      "supplier": "Organization: ",
      "externalRefs": [
        {
          "referenceCategory": "PACKAGE-MANAGER",
          "referenceLocator": "pkg:golang/github.com/spf13/cobra@v1.7.0",
          "referenceType": "purl"
        }
      ]
    },
    {
      "SPDXID": "SPDXRef-Package-go-module-github.com-spf13-pflag-v1.0.5",
      "name": "go-module:github.com/spf13/pflag",
      "versionInfo": "v1.0.5",
      "filesAnalyzed": false,
      "licenseConcluded": "NOASSERTION",
      "licenseDeclared": "NOASSERTION",
      "downloadLocation": "NOASSERTION",
      "originator": "Organization: ",
      "supplier": "Organization: ",
      "externalRefs": [
        {
          "referenceCategory": "PACKAGE-MANAGER",
          "referenceLocator": "pkg:golang/github.com/spf13/pflag@v1.0.5",
          "referenceType": "purl"
        }
      ]
    },
    {
      "SPDXID": "SPDXRef-Package-go-module-github.com-vbatts-tar-split-v0.11.3",
      "name": "go-module:github.com/vbatts/tar-split",
      "versionInfo": "v0.11.3",
      "filesAnalyzed": false,
      "licenseConcluded": "NOASSERTION",
      "licenseDeclared": "NOASSERTION",
      "downloadLocation": "NOASSERTION",
      "originator": "Organization: ",
      "supplier": "Organization: ",
      "externalRefs": [
        {
          "referenceCategory": "PACKAGE-MANAGER",
          "referenceLocator": "pkg:golang/github.com/vbatts/tar-split@v0.11.3",
          "referenceType": "purl"
        }
      ]
    },
    {
      "SPDXID": "SPDXRef-Package-go-module-golang.org-x-sync-v0.2.0",
      "name": "go-module:golang.org/x/sync",
      "versionInfo": "v0.2.0",
      "filesAnalyzed": false,
      "licenseConcluded": "NOASSERTION",
      "licenseDeclared": "NOASSERTION",
      "downloadLocation": "NOASSERTION",
      "originator": "Organization: ",
      "supplier": "Organization: ",
      "externalRefs": [
        {
          "referenceCategory": "PACKAGE-MANAGER",
          "referenceLocator": "pkg:golang/golang.org/x/sync@v0.2.0",
          "referenceType": "purl"
        }
      ]
    },
    {
      "SPDXID": "SPDXRef-Package-go-module-golang.org-x-sys-v0.15.0",
      "name": "go-module:golang.org/x/sys",
      "versionInfo": "v0.15.0",
      "filesAnalyzed": false,
      "licenseConcluded": "NOASSERTION",
      "licenseDeclared": "NOASSERTION",
      "downloadLocation": "NOASSERTION",
      "originator": "Organization: ",
      "supplier": "Organization: ",
      "externalRefs": [
        {
          "referenceCategory": "PACKAGE-MANAGER",
          "referenceLocator": "pkg:golang/golang.org/x/sys@v0.15.0",
          "referenceType": "purl"
        }
      ]
    },
    {
      "SPDXID": "SPDXRef-Package-go-module-stdlib-go1.22.4",
      "name": "go-module:stdlib",
      "versionInfo": "go1.22.4",
      "filesAnalyzed": false,
      "licenseConcluded": "NOASSERTION",
      "licenseDeclared": "BSD-3-Clause",
      "downloadLocation": "NOASSERTION",
      "originator": "Organization: ",
      "supplier": "Organization: ",
      "externalRefs": [
        {
          "referenceCategory": "PACKAGE-MANAGER",
          "referenceLocator": "pkg:golang/stdlib@1.22.4",
          "referenceType": "purl"
        }
      ]
    }
  ],
  "relationships": [
    {
      "spdxElementId": "SPDXRef-Package-crane-0.19.1-r6",
      "relationshipType": "CONTAINS",
      "relatedSpdxElement": "SPDXRef-Package-go-module-github.com-containerd-stargz-snapshotter-estargz-v0.14.3"
    },
    {
      "spdxElementId": "SPDXRef-Package-crane-0.19.1-r6",
      "relationshipType": "CONTAINS",
      "relatedSpdxElement": "SPDXRef-Package-go-module-github.com-docker-cli-v24.0.0C43incompatible"
    },
    {
      "spdxElementId": "SPDXRef-Package-crane-0.19.1-r6",
      "relationshipType": "CONTAINS",
      "relatedSpdxElement": "SPDXRef-Package-go-module-github.com-docker-distribution-v2.8.2C43incompatible"
    },
    {
      "spdxElementId": "SPDXRef-Package-crane-0.19.1-r6",
      "relationshipType": "CONTAINS",
      "relatedSpdxElement": "SPDXRef-Package-go-module-github.com-docker-docker-v24.0.9C43incompatible"
    },
    {
      "spdxElementId": "SPDXRef-Package-crane-0.19.1-r6",
      "relationshipType": "CONTAINS",
      "relatedSpdxElement": "SPDXRef-Package-go-module-github.com-docker-docker-credential-helpers-v0.7.0"
    },
    {
      "spdxElementId": "SPDXRef-Package-crane-0.19.1-r6",
      "relationshipType": "CONTAINS",
      "relatedSpdxElement": "SPDXRef-Package-go-module-github.com-google-go-cmp-v0.5.9"
    },
    {
      "spdxElementId": "SPDXRef-Package-crane-0.19.1-r6",
      "relationshipType": "CONTAINS",
      "relatedSpdxElement": "SPDXRef-Package-go-module-github.com-google-go-containerregistry-v0.19.1"
    },
    {
      "spdxElementId": "SPDXRef-Package-crane-0.19.1-r6",
      "relationshipType": "CONTAINS",
      "relatedSpdxElement": "SPDXRef-Package-go-module-github.com-klauspost-compress-v1.16.5"
    },
    {
      "spdxElementId": "SPDXRef-Package-crane-0.19.1-r6",
      "relationshipType": "CONTAINS",
      "relatedSpdxElement": "SPDXRef-Package-go-module-github.com-mitchellh-go-homedir-v1.1.0"
    },
    {
      "spdxElementId": "SPDXRef-Package-crane-0.19.1-r6",
      "relationshipType": "CONTAINS",
      "relatedSpdxElement": "SPDXRef-Package-go-module-github.com-opencontainers-go-digest-v1.0.0"
    },
    {
      "spdxElementId": "SPDXRef-Package-crane-0.19.1-r6",
      "relationshipType": "CONTAINS",
      "relatedSpdxElement": "SPDXRef-Package-go-module-github.com-opencontainers-image-spec-v1.1.0-rc3"
    },
    {
      "spdxElementId": "SPDXRef-Package-crane-0.19.1-r6",
      "relationshipType": "CONTAINS",
      "relatedSpdxElement": "SPDXRef-Package-go-module-github.com-pkg-errors-v0.9.1"
    },
    {
      "spdxElementId": "SPDXRef-Package-crane-0.19.1-r6",
      "relationshipType": "CONTAINS",
      "relatedSpdxElement": "SPDXRef-Package-go-module-github.com-sirupsen-logrus-v1.9.1"
    },
    {
      "spdxElementId": "SPDXRef-Package-crane-0.19.1-r6",
      "relationshipType": "CONTAINS",
      "relatedSpdxElement": "SPDXRef-Package-go-module-github.com-spf13-cobra-v1.7.0"
    },
    {
      "spdxElementId": "SPDXRef-Package-crane-0.19.1-r6",
      "relationshipType": "CONTAINS",
      "relatedSpdxElement": "SPDXRef-Package-go-module-github.com-spf13-pflag-v1.0.5"
    },
    {
      "spdxElementId": "SPDXRef-Package-crane-0.19.1-r6",
      "relationshipType": "CONTAINS",
      "relatedSpdxElement": "SPDXRef-Package-go-module-github.com-vbatts-tar-split-v0.11.3"
    },
    {
      "spdxElementId": "SPDXRef-Package-crane-0.19.1-r6",
      "relationshipType": "CONTAINS",
      "relatedSpdxElement": "SPDXRef-Package-go-module-golang.org-x-sync-v0.2.0"
    },
    {
      "spdxElementId": "SPDXRef-Package-crane-0.19.1-r6",
      "relationshipType": "CONTAINS",
      "relatedSpdxElement": "SPDXRef-Package-go-module-golang.org-x-sys-v0.15.0"
    },
    {
      "spdxElementId": "SPDXRef-Package-crane-0.19.1-r6",
      "relationshipType": "CONTAINS",
      "relatedSpdxElement": "SPDXRef-Package-go-module-stdlib-go1.22.4"
    }
  ]
}