{
  "SPDXID": "SPDXRef-DOCUMENT",
  "name": "apk-openssl-3.3.0-r8",
  "spdxVersion": "SPDX-2.3",
  "creationInfo": {
    "created": "2024-01-01T00:00:00Z",
    "creators": [
      "Tool: melange (devel)",
      "Organization: Chainguard, Inc"
    ],
    "licenseListVersion": "3.22"
  },
  "dataLicense": "CC0-1.0",
  "documentNamespace": "https://spdx.org/spdxdocs/chainguard/melange/82c4617c355473fcc7d08a98ba738fa7",
  "documentDescribes": [
    "SPDXRef-Package-openssl-3.3.0-r8"
  ],
  "packages": [
    {
      "SPDXID": "SPDXRef-OperatingSystem",
      "name": "wolfi",
      "versionInfo": "20230201",
      "filesAnalyzed": false,
      "licenseConcluded": "NOASSERTION",
      "licenseDeclared": "NOASSERTION",
      "description": "Operating System",
      "downloadLocation": "NOASSERTION",
      "primaryPackagePurpose": "OPERATING-SYSTEM"
    },
    {
      "SPDXID": "SPDXRef-Package-binary-openssl-3.3.0",
      "name": "binary:openssl",
      "versionInfo": "3.3.0",
      "filesAnalyzed": false,
      "licenseConcluded": "NOASSERTION",
      "licenseDeclared": "NOASSERTION",
      "downloadLocation": "NOASSERTION",
      "originator": "Organization: ",
      "supplier": "Organization: ",
      "externalRefs": [
        {
          "referenceCategory": "PACKAGE-MANAGER",
          "referenceLocator": "pkg:generic/openssl@3.3.0",
          "referenceType": "purl"
        }
      ]
    },
    {
      "SPDXID": "SPDXRef-Package-openssl-3.3.0-r8",
      "name": "openssl",
      "versionInfo": "3.3.0-r8",
      "filesAnalyzed": false,
      "licenseConcluded": "NOASSERTION",
      "licenseDeclared": "NOASSERTION",
      "downloadLocation": "NOASSERTION",
      "originator": "Organization: Wolfi",
      "supplier": "Organization: Wolfi"
    }
  ],
  "relationships": [
    {
      "spdxElementId": "SPDXRef-Package-openssl-3.3.0-r8",
      "relationshipType": "CONTAINS",
      "relatedSpdxElement": "SPDXRef-Package-binary-openssl-3.3.0"
    }
  ]
}