{
  "SPDXID": "SPDXRef-DOCUMENT",
  "name": "apk-perl-yaml-syck-1.34-r3",
  "spdxVersion": "SPDX-2.3",
  "creationInfo": {
    "created": "2024-01-01T00:00:00Z",
    "creators": [
      "Tool: melange (devel)",
      "Organization: Chainguard, Inc"
    ],
    "licenseListVersion": "3.22"
  },
  "dataLicense": "CC0-1.0",
  "documentNamespace": "https://spdx.org/spdxdocs/chainguard/melange/63216cc9d4a7af1937c4f6d6939e44fa",
  "documentDescribes": [
    "SPDXRef-Package-perl-yaml-syck-1.34-r3"
  ],
  "packages": [
    {
      "SPDXID": "SPDXRef-OperatingSystem",
      "name": "wolfi",
      "versionInfo": "20230201",
      "filesAnalyzed": false,
      "licenseConcluded": "NOASSERTION",
      "licenseDeclared": "NOASSERTION",
      "description": "Operating System",
      "downloadLocation": "NOASSERTION",
      "primaryPackagePurpose": "OPERATING-SYSTEM"
    },
    {
      "SPDXID": "SPDXRef-Package-perl-yaml-syck-1.34-r3",
      "name": "perl-yaml-syck",
      "versionInfo": "1.34-r3",
      "filesAnalyzed": false,
      "licenseConcluded": "NOASSERTION",
      "licenseDeclared": "NOASSERTION",
      "downloadLocation": "NOASSERTION",
      "originator": "Organization: Wolfi",
      "supplier": "Organization: Wolfi"
    }
  ],
  "relationships": null
}