{
  "SPDXID": "SPDXRef-DOCUMENT",
  "name": "apk-php-odbc-8.2.11-r1",
  "spdxVersion": "SPDX-2.3",
  "creationInfo": {
    "created": "2024-01-01T00:00:00Z",
    "creators": [
      "Tool: melange (devel)",
      "Organization: Chainguard, Inc"
    ],
    "licenseListVersion": "3.22"
  },
  "dataLicense": "CC0-1.0",
  "documentNamespace": "https://spdx.org/spdxdocs/chainguard/melange/244c8105d2eaf3615651525e51787728",
  "documentDescribes": [
    "SPDXRef-Package-php-odbc-8.2.11-r1"
  ],
  "packages": [
    {
      "SPDXID": "SPDXRef-OperatingSystem",
      "name": "wolfi",
      "versionInfo": "20230201",
      "filesAnalyzed": false,
      "licenseConcluded": "NOASSERTION",
      "licenseDeclared": "NOASSERTION",
      "description": "Operating System",
      "downloadLocation": "NOASSERTION",
      "primaryPackagePurpose": "OPERATING-SYSTEM"
    },
    {
      "SPDXID": "SPDXRef-Package-binary-odbc-8.2.11",
      "name": "binary:odbc",
      "versionInfo": "8.2.11",
      "filesAnalyzed": false,
      "licenseConcluded": "NOASSERTION",
      "licenseDeclared": "NOASSERTION",
      "downloadLocation": "NOASSERTION",
      "originator": "Organization: ",
      "supplier": "Organization: ",
      "externalRefs": [
        {
          "referenceCategory": "PACKAGE-MANAGER",
          "referenceLocator": "pkg:generic/odbc@8.2.11",
          "referenceType": "purl"
        }
      ]
    },
    {
      "SPDXID": "SPDXRef-Package-php-odbc-8.2.11-r1",
      "name": "php-odbc",
      "versionInfo": "8.2.11-r1",
      "filesAnalyzed": false,
      "licenseConcluded": "NOASSERTION",
      "licenseDeclared": "NOASSERTION",
      "downloadLocation": "NOASSERTION",
      "originator": "Organization: Wolfi",
      "supplier": "Organization: Wolfi"
    }
  ],
  "relationships": [
    {
      "spdxElementId": "SPDXRef-Package-php-odbc-8.2.11-r1",
      "relationshipType": "CONTAINS",
      "relatedSpdxElement": "SPDXRef-Package-binary-odbc-8.2.11"
    }
  ]
}