{
  "SPDXID": "SPDXRef-DOCUMENT",
  "name": "apk-py3-poetry-core-1.9.0-r1",
  "spdxVersion": "SPDX-2.3",
  "creationInfo": {
    "created": "2024-01-01T00:00:00Z",
    "creators": [
      "Tool: melange (devel)",
      "Organization: Chainguard, Inc"
    ],
    "licenseListVersion": "3.22"
  },
  "dataLicense": "CC0-1.0",
  "documentNamespace": "https://spdx.org/spdxdocs/chainguard/melange/4a173d896c5474079f700a8554551fbc",
  "documentDescribes": [
    "SPDXRef-Package-py3-poetry-core-1.9.0-r1"
  ],
  "packages": [
    {
      "SPDXID": "SPDXRef-OperatingSystem",
      "name": "wolfi",
      "versionInfo": "20230201",
      "filesAnalyzed": false,
      "licenseConcluded": "NOASSERTION",
      "licenseDeclared": "NOASSERTION",
      "description": "Operating System",
      "downloadLocation": "NOASSERTION",
      "primaryPackagePurpose": "OPERATING-SYSTEM"
    },
    {
      "SPDXID": "SPDXRef-Package-py3-poetry-core-1.9.0-r1",
      "name": "py3-poetry-core",
      "versionInfo": "1.9.0-r1",
      "filesAnalyzed": false,
      "licenseConcluded": "NOASSERTION",
      "licenseDeclared": "NOASSERTION",
      "downloadLocation": "NOASSERTION",
      "originator": "Organization: Wolfi",
      "supplier": "Organization: Wolfi"
    },
    {
      "SPDXID": "SPDXRef-Package-python-poetry-core-1.9.0",
      "name": "python:poetry-core",
      "versionInfo": "1.9.0",
      "filesAnalyzed": false,
      "licenseConcluded": "NOASSERTION",
      "licenseDeclared": "MIT",
      "downloadLocation": "NOASSERTION",
      "originator": "Organization: ",
      "supplier": "Organization: ",
      "externalRefs": [
        {
          "referenceCategory": "PACKAGE-MANAGER",
          "referenceLocator": "pkg:pypi/poetry-core@1.9.0",
          "referenceType": "purl"
        }
      ]
    }
  ],
  "relationships": [
    {
      "spdxElementId": "SPDXRef-Package-py3-poetry-core-1.9.0-r1",
      "relationshipType": "CONTAINS",
      "relatedSpdxElement": "SPDXRef-Package-python-poetry-core-1.9.0"
    }
  ]
}